// Jest Snapshot v1, https://goo.gl/fbAQLP

exports[`Test for <Searchbar /> should match with the snapshot 1`] = `
<div>
  <form
    class="flex justify-center items-center h-12"
    role="searchbox"
  >
    <input
      class="w-full h-full px-4 py-2 bg-gray-900 rounded-md focus:outline-purple-700 focus:outline-2 focus:outline rounded-r-none"
      placeholder="Search..."
      role="search"
      type="search"
      value=""
    />
    <button
      class="w-12 h-12 rounded-md bg-gray-900 hover:bg-purple-700 text-white grid place-items-center rounded-l-none transition-colors disabled:opacity-80"
      data-testid="search-button"
      disabled=""
      role="button"
      type="submit"
    >
      <svg
        class="w-6 h-6"
        fill="none"
        stroke="currentColor"
        stroke-width="1.5"
        viewBox="0 0 24 24"
      >
        <path
          d="M21 21l-5.197-5.197m0 0A7.5 7.5 0 105.196 5.196a7.5 7.5 0 0010.607 10.607z"
          stroke-linecap="round"
          stroke-linejoin="round"
        />
      </svg>
    </button>
  </form>
</div>
`;
